C51 COMPILER V9.54   MAIN                                                                  01/10/2018 14:56:35 PAGE 1   


C51 COMPILER V9.54, COMPILATION OF MODULE MAIN
OBJECT MODULE PLACED IN .\Objects\main.obj
COMPILER INVOKED BY: D:\Program Files (x86)\KeiluVision\C51\C51\BIN\C51.EXE main.c OPTIMIZE(9,SPEED) BROWSE DEBUG OBJECT
                    -EXTEND PRINT(.\Listings\main.lst) OBJECT(.\Objects\main.obj)

line level    source

   1          #include "stdafx.h"
   2          //code by </MATRIX>@Neod Anderjon
   3          //==========================================================================
   4          //调用最顶层
   5          
   6          //底层硬件初始化
   7          void PreSetUpHardware (void)
   8          {
   9   1              //上电初始化状态
  10   1              IO_MainPulse = 1;
  11   1              MotorPostiveRot;
  12   1              LEDGroupCtrl(led_0, Off);
  13   1              LEDGroupCtrl(led_1, Off);
  14   1              
  15   1              //定时器初始化配置
  16   1              Timer_InitConfig();     
  17   1              
  18   1              //显示器初始化    
  19   1              LCD1602_Init();                                                         
  20   1              LCD1602DisplayLogo();                                           
  21   1              delay_ms(800);          
  22   1              LCD1602DisplayStatus();
  23   1              
  24   1              //初始化完成
  25   1              PreInitFinishedBlink();                                         
  26   1      }
  27          
  28          //int main (int argc, char *argv[], char *envp[])                       
  29          int main (void)
  30          {
  31   1      #ifdef DEBUG                                                                                    
                      debug();                                                                        //debug/release                                                                                 
              #endif
  34   1              PreSetUpHardware();                                                     //初始化硬件底层
  35   1              
  36   1              while (True)
  37   1              {
  38   2                      MatrixKeyValueHandler();                                //处理矩阵键盘输入信号
  39   2                      RemoteDecodeValueHandler();                             //处理红外遥控器输入信号
  40   2                      LCD1602DisplayUpdate();                                 //设定输入变量范围并更新显示
  41   2              }
  42   1      }
  43          
  44          //==========================================================================
  45          //code by </MATRIX>@Neod Anderjon


MODULE INFORMATION:   STATIC OVERLAYABLE
   CODE SIZE        =     54    ----
   CONSTANT SIZE    =   ----    ----
   XDATA SIZE       =   ----    ----
   PDATA SIZE       =   ----    ----
   DATA SIZE        =   ----    ----
   IDATA SIZE       =   ----    ----
C51 COMPILER V9.54   MAIN                                                                  01/10/2018 14:56:35 PAGE 2   

   BIT SIZE         =   ----    ----
END OF MODULE INFORMATION.


C51 COMPILATION COMPLETE.  0 WARNING(S),  0 ERROR(S)
